I'm sorry, but errors were detected in your script. Please correct the
errors listed below, and try again.


File "game/code_python.rpy", line 5: invalid syntax
                $ reason += summa
                 ^
    

Ren'Py Version: Ren'Py 8.0.3.22090809
Wed May 31 22:29:20 2023
